../Core/Src/main.c:83:5:main	24	static
../Core/Src/main.c:144:6:SystemClock_Config	88	static
../Core/Src/main.c:191:13:MX_TIM1_Init	32	static
../Core/Src/main.c:237:13:MX_USART2_UART_Init	8	static
../Core/Src/main.c:271:13:MX_GPIO_Init	48	static
../Core/Src/main.c:304:6:Set_Pin_Output	40	static
../Core/Src/main.c:314:6:Set_Pin_Input	40	static
../Core/Src/main.c:322:6:delay_us	16	static
../Core/Src/main.c:327:6:DHT22_Start	8	static
../Core/Src/main.c:335:9:DHT22_Check_Response	16	static
../Core/Src/main.c:348:9:DHT22_Read	16	static
../Core/Src/main.c:365:6:DHT22_Read_Data	32	static
../Core/Src/main.c:385:5:__io_putchar	16	static
../Core/Src/main.c:392:6:HAL_UART_RxCpltCallback	16	static
../Core/Src/main.c:417:6:Error_Handler	4	static,ignoring_inline_asm
