../Core/Src/main.c:83:5:main	8	static
../Core/Src/main.c:147:6:SystemClock_Config	88	static
../Core/Src/main.c:194:13:MX_TIM1_Init	96	static
../Core/Src/main.c:269:13:MX_TIM2_Init	40	static
../Core/Src/main.c:315:13:MX_USART2_UART_Init	8	static
../Core/Src/main.c:348:13:MX_GPIO_Init	48	static
../Core/Src/main.c:387:7:Measure_Distance	8	static
../Core/Src/main.c:409:6:Set_Servo_Angle	24	static
../Core/Src/main.c:425:1:__io_putchar	16	static
../Core/Src/main.c:433:6:HAL_UART_RxCpltCallback	16	static
../Core/Src/main.c:460:6:Error_Handler	4	static,ignoring_inline_asm
