../Core/Src/main.c:87:5:main	8	static
../Core/Src/main.c:164:6:SystemClock_Config	88	static
../Core/Src/main.c:211:13:MX_TIM2_Init	32	static
../Core/Src/main.c:256:13:MX_TIM3_Init	64	static
../Core/Src/main.c:319:13:MX_USART2_UART_Init	8	static
../Core/Src/main.c:352:13:MX_USART6_UART_Init	8	static
../Core/Src/main.c:385:13:MX_GPIO_Init	48	static
../Core/Src/main.c:450:6:HAL_UART_RxCpltCallback	16	static
../Core/Src/main.c:469:13:go	8	static
../Core/Src/main.c:479:13:back	8	static
../Core/Src/main.c:488:13:turn_left	8	static
../Core/Src/main.c:497:13:turn_right	8	static
../Core/Src/main.c:507:13:stop	8	static
../Core/Src/main.c:514:13:r_mode	8	static
../Core/Src/main.c:542:13:l_mode	8	static
../Core/Src/main.c:577:6:Error_Handler	4	static,ignoring_inline_asm
