Archive member included to satisfy reference by file (symbol)

C:/ST/STM32CubeIDE_1.15.0/STM32CubeIDE/plugins/com.st.stm32cube.ide.mcu.externaltools.gnu-tools-for-stm32.12.3.rel1.win32_1.0.100.202403111256/tools/bin/../lib/gcc/arm-none-eabi/12.3.1/../../../../arm-none-eabi/lib/thumb/v7e-m+fp/hard\libc_nano.a(libc_a-exit.o)
                              C:/ST/STM32CubeIDE_1.15.0/STM32CubeIDE/plugins/com.st.stm32cube.ide.mcu.externaltools.gnu-tools-for-stm32.12.3.rel1.win32_1.0.100.202403111256/tools/bin/../lib/gcc/arm-none-eabi/12.3.1/../../../../arm-none-eabi/lib/thumb/v7e-m+fp/hard/crt0.o (exit)
C:/ST/STM32CubeIDE_1.15.0/STM32CubeIDE/plugins/com.st.stm32cube.ide.mcu.externaltools.gnu-tools-for-stm32.12.3.rel1.win32_1.0.100.202403111256/tools/bin/../lib/gcc/arm-none-eabi/12.3.1/../../../../arm-none-eabi/lib/thumb/v7e-m+fp/hard\libc_nano.a(libc_a-findfp.o)
                              C:/ST/STM32CubeIDE_1.15.0/STM32CubeIDE/plugins/com.st.stm32cube.ide.mcu.externaltools.gnu-tools-for-stm32.12.3.rel1.win32_1.0.100.202403111256/tools/bin/../lib/gcc/arm-none-eabi/12.3.1/../../../../arm-none-eabi/lib/thumb/v7e-m+fp/hard\libc_nano.a(libc_a-exit.o) (__stdio_exit_handler)
C:/ST/STM32CubeIDE_1.15.0/STM32CubeIDE/plugins/com.st.stm32cube.ide.mcu.externaltools.gnu-tools-for-stm32.12.3.rel1.win32_1.0.100.202403111256/tools/bin/../lib/gcc/arm-none-eabi/12.3.1/../../../../arm-none-eabi/lib/thumb/v7e-m+fp/hard\libc_nano.a(libc_a-fwalk.o)
                              C:/ST/STM32CubeIDE_1.15.0/STM32CubeIDE/plugins/com.st.stm32cube.ide.mcu.externaltools.gnu-tools-for-stm32.12.3.rel1.win32_1.0.100.202403111256/tools/bin/../lib/gcc/arm-none-eabi/12.3.1/../../../../arm-none-eabi/lib/thumb/v7e-m+fp/hard\libc_nano.a(libc_a-findfp.o) (_fwalk_sglue)
C:/ST/STM32CubeIDE_1.15.0/STM32CubeIDE/plugins/com.st.stm32cube.ide.mcu.externaltools.gnu-tools-for-stm32.12.3.rel1.win32_1.0.100.202403111256/tools/bin/../lib/gcc/arm-none-eabi/12.3.1/../../../../arm-none-eabi/lib/thumb/v7e-m+fp/hard\libc_nano.a(libc_a-stdio.o)
                              C:/ST/STM32CubeIDE_1.15.0/STM32CubeIDE/plugins/com.st.stm32cube.ide.mcu.externaltools.gnu-tools-for-stm32.12.3.rel1.win32_1.0.100.202403111256/tools/bin/../lib/gcc/arm-none-eabi/12.3.1/../../../../arm-none-eabi/lib/thumb/v7e-m+fp/hard\libc_nano.a(libc_a-findfp.o) (__sread)
C:/ST/STM32CubeIDE_1.15.0/STM32CubeIDE/plugins/com.st.stm32cube.ide.mcu.externaltools.gnu-tools-for-stm32.12.3.rel1.win32_1.0.100.202403111256/tools/bin/../lib/gcc/arm-none-eabi/12.3.1/../../../../arm-none-eabi/lib/thumb/v7e-m+fp/hard\libc_nano.a(libc_a-memset.o)
                              C:/ST/STM32CubeIDE_1.15.0/STM32CubeIDE/plugins/com.st.stm32cube.ide.mcu.externaltools.gnu-tools-for-stm32.12.3.rel1.win32_1.0.100.202403111256/tools/bin/../lib/gcc/arm-none-eabi/12.3.1/../../../../arm-none-eabi/lib/thumb/v7e-m+fp/hard/crt0.o (memset)
C:/ST/STM32CubeIDE_1.15.0/STM32CubeIDE/plugins/com.st.stm32cube.ide.mcu.externaltools.gnu-tools-for-stm32.12.3.rel1.win32_1.0.100.202403111256/tools/bin/../lib/gcc/arm-none-eabi/12.3.1/../../../../arm-none-eabi/lib/thumb/v7e-m+fp/hard\libc_nano.a(libc_a-closer.o)
                              C:/ST/STM32CubeIDE_1.15.0/STM32CubeIDE/plugins/com.st.stm32cube.ide.mcu.externaltools.gnu-tools-for-stm32.12.3.rel1.win32_1.0.100.202403111256/tools/bin/../lib/gcc/arm-none-eabi/12.3.1/../../../../arm-none-eabi/lib/thumb/v7e-m+fp/hard\libc_nano.a(libc_a-stdio.o) (_close_r)
C:/ST/STM32CubeIDE_1.15.0/STM32CubeIDE/plugins/com.st.stm32cube.ide.mcu.externaltools.gnu-tools-for-stm32.12.3.rel1.win32_1.0.100.202403111256/tools/bin/../lib/gcc/arm-none-eabi/12.3.1/../../../../arm-none-eabi/lib/thumb/v7e-m+fp/hard\libc_nano.a(libc_a-reent.o)
                              C:/ST/STM32CubeIDE_1.15.0/STM32CubeIDE/plugins/com.st.stm32cube.ide.mcu.externaltools.gnu-tools-for-stm32.12.3.rel1.win32_1.0.100.202403111256/tools/bin/../lib/gcc/arm-none-eabi/12.3.1/../../../../arm-none-eabi/lib/thumb/v7e-m+fp/hard\libc_nano.a(libc_a-closer.o) (errno)
C:/ST/STM32CubeIDE_1.15.0/STM32CubeIDE/plugins/com.st.stm32cube.ide.mcu.externaltools.gnu-tools-for-stm32.12.3.rel1.win32_1.0.100.202403111256/tools/bin/../lib/gcc/arm-none-eabi/12.3.1/../../../../arm-none-eabi/lib/thumb/v7e-m+fp/hard\libc_nano.a(libc_a-impure.o)
                              C:/ST/STM32CubeIDE_1.15.0/STM32CubeIDE/plugins/com.st.stm32cube.ide.mcu.externaltools.gnu-tools-for-stm32.12.3.rel1.win32_1.0.100.202403111256/tools/bin/../lib/gcc/arm-none-eabi/12.3.1/../../../../arm-none-eabi/lib/thumb/v7e-m+fp/hard\libc_nano.a(libc_a-reent.o) (_impure_ptr)
C:/ST/STM32CubeIDE_1.15.0/STM32CubeIDE/plugins/com.st.stm32cube.ide.mcu.externaltools.gnu-tools-for-stm32.12.3.rel1.win32_1.0.100.202403111256/tools/bin/../lib/gcc/arm-none-eabi/12.3.1/../../../../arm-none-eabi/lib/thumb/v7e-m+fp/hard\libc_nano.a(libc_a-lseekr.o)
[...]
Memory Configuration

Name             Origin             Length             Attributes
RAM              0x20000000         0x00020000         xrw
FLASH            0x08000000         0x00080000         xr
*default*        0x00000000         0xffffffff

Linker script and memory map

LOAD C:/ST/STM32CubeIDE_1.15.0/STM32CubeIDE/plugins/com.st.stm32cube.ide.mcu.externaltools.gnu-tools-for-stm32.12.3.rel1.win32_1.0.100.202403111256/tools/bin/../lib/gcc/arm-none-eabi/12.3.1/thumb/v7e-m+fp/hard/crti.o
LOAD C:/ST/STM32CubeIDE_1.15.0/STM32CubeIDE/plugins/com.st.stm32cube.ide.mcu.externaltools.gnu-tools-for-stm32.12.3.rel1.win32_1.0.100.202403111256/tools/bin/../lib/gcc/arm-none-eabi/12.3.1/thumb/v7e-m+fp/hard/crtbegin.o
LOAD C:/ST/STM32CubeIDE_1.15.0/STM32CubeIDE/plugins/com.st.stm32cube.ide.mcu.externaltools.gnu-tools-for-stm32.12.3.rel1.win32_1.0.100.202403111256/tools/bin/../lib/gcc/arm-none-eabi/12.3.1/../../../../arm-none-eabi/lib/thumb/v7e-m+fp/hard/crt0.o
LOAD ./Core/Src/freertos.o
LOAD ./Core/Src/main.o
LOAD ./Core/Src/stm32f4xx_hal_msp.o
LOAD ./Core/Src/stm32f4xx_it.o
LOAD ./Core/Src/syscalls.o
LOAD ./Core/Src/sysmem.o
LOAD ./Core/Src/system_stm32f4xx.o
LOAD ./Core/Startup/startup_stm32f411retx.o
LOAD ./Drivers/STM32F4xx_HAL_Driver/Src/stm32f4xx_hal.o
LOAD ./Drivers/STM32F4xx_HAL_Driver/Src/stm32f4xx_hal_cortex.o
LOAD ./Drivers/STM32F4xx_HAL_Driver/Src/stm32f4xx_hal_dma.o
LOAD ./Drivers/STM32F4xx_HAL_Driver/Src/stm32f4xx_hal_dma_ex.o
LOAD ./Drivers/STM32F4xx_HAL_Driver/Src/stm32f4xx_hal_exti.o
LOAD ./Drivers/STM32F4xx_HAL_Driver/Src/stm32f4xx_hal_flash.o
LOAD ./Drivers/STM32F4xx_HAL_Driver/Src/stm32f4xx_hal_flash_ex.o
LOAD ./Drivers/STM32F4xx_HAL_Driver/Src/stm32f4xx_hal_flash_ramfunc.o
LOAD ./Drivers/STM32F4xx_HAL_Driver/Src/stm32f4xx_hal_gpio.o
LOAD ./Drivers/STM32F4xx_HAL_Driver/Src/stm32f4xx_hal_pwr.o
LOAD ./Drivers/STM32F4xx_HAL_Driver/Src/stm32f4xx_hal_pwr_ex.o
LOAD ./Drivers/STM32F4xx_HAL_Driver/Src/stm32f4xx_hal_rcc.o
LOAD ./Drivers/STM32F4xx_HAL_Driver/Src/stm32f4xx_hal_rcc_ex.o
LOAD ./Drivers/STM32F4xx_HAL_Driver/Src/stm32f4xx_hal_tim.o
LOAD ./Drivers/STM32F4xx_HAL_Driver/Src/stm32f4xx_hal_tim_ex.o
LOAD ./Drivers/STM32F4xx_HAL_Driver/Src/stm32f4xx_hal_uart.o
LOAD ./Middlewares/Third_Party/FreeRTOS/Source/CMSIS_RTOS/cmsis_os.o
LOAD ./Middlewares/Third_Party/FreeRTOS/Source/croutine.o
LOAD ./Middlewares/Third_Party/FreeRTOS/Source/event_groups.o
LOAD ./Middlewares/Third_Party/FreeRTOS/Source/list.o
LOAD ./Middlewares/Third_Party/FreeRTOS/Source/queue.o
LOAD ./Middlewares/Third_Party/FreeRTOS/Source/stream_buffer.o
LOAD ./Middlewares/Third_Party/FreeRTOS/Source/tasks.o
LOAD ./Middlewares/Third_Party/FreeRTOS/Source/timers.o
LOAD ./Middlewares/Third_Party/FreeRTOS/Source/portable/GCC/ARM_CM4F/port.o
LOAD ./Middlewares/Third_Party/FreeRTOS/Source/portable/MemMang/heap_4.o
START GROUP
LOAD C:/ST/STM32CubeIDE_1.15.0/STM32CubeIDE/plugins/com.st.stm32cube.ide.mcu.externaltools.gnu-tools-for-stm32.12.3.rel1.win32_1.0.100.202403111256/tools/bin/../lib/gcc/arm-none-eabi/12.3.1/../../../../arm-none-eabi/lib/thumb/v7e-m+fp/hard\libc_nano.a
LOAD C:/ST/STM32CubeIDE_1.15.0/STM32CubeIDE/plugins/com.st.stm32cube.ide.mcu.externaltools.gnu-tools-for-stm32.12.3.rel1.win32_1.0.100.202403111256/tools/bin/../lib/gcc/arm-none-eabi/12.3.1/../../../../arm-none-eabi/lib/thumb/v7e-m+fp/hard\libm.a
END GROUP
START GROUP
LOAD C:/ST/STM32CubeIDE_1.15.0/STM32CubeIDE/plugins/com.st.stm32cube.ide.mcu.externaltools.gnu-tools-for-stm32.12.3.rel1.win32_1.0.100.202403111256/tools/bin/../lib/gcc/arm-none-eabi/12.3.1/thumb/v7e-m+fp/hard\libgcc.a
LOAD C:/ST/STM32CubeIDE_1.15.0/STM32CubeIDE/plugins/com.st.stm32cube.ide.mcu.externaltools.gnu-tools-for-stm32.12.3.rel1.win32_1.0.100.202403111256/tools/bin/../lib/gcc/arm-none-eabi/12.3.1/../../../../arm-none-eabi/lib/thumb/v7e-m+fp/hard\libc_nano.a
END GROUP
START GROUP
LOAD C:/ST/STM32CubeIDE_1.15.0/STM32CubeIDE/plugins/com.st.stm32cube.ide.mcu.externaltools.gnu-tools-for-stm32.12.3.rel1.win32_1.0.100.202403111256/tools/bin/../lib/gcc/arm-none-eabi/12.3.1/thumb/v7e-m+fp/hard\libgcc.a
LOAD C:/ST/STM32CubeIDE_1.15.0/STM32CubeIDE/plugins/com.st.stm32cube.ide.mcu.externaltools.gnu-tools-for-stm32.12.3.rel1.win32_1.0.100.202403111256/tools/bin/../lib/gcc/arm-none-eabi/12.3.1/../../../../arm-none-eabi/lib/thumb/v7e-m+fp/hard\libc_nano.a
LOAD C:/ST/STM32CubeIDE_1.15.0/STM32CubeIDE/plugins/com.st.stm32cube.ide.mcu.externaltools.gnu-tools-for-stm32.12.3.rel1.win32_1.0.100.202403111256/tools/bin/../lib/gcc/arm-none-eabi/12.3.1/../../../../arm-none-eabi/lib/thumb/v7e-m+fp/hard\libnosys.a
END GROUP
START GROUP
LOAD C:/ST/STM32CubeIDE_1.15.0/STM32CubeIDE/plugins/com.st.stm32cube.ide.mcu.externaltools.gnu-tools-for-stm32.12.3.rel1.win32_1.0.100.202403111256/tools/bin/../lib/gcc/arm-none-eabi/12.3.1/thumb/v7e-m+fp/hard\libgcc.a
LOAD C:/ST/STM32CubeIDE_1.15.0/STM32CubeIDE/plugins/com.st.stm32cube.ide.mcu.externaltools.gnu-tools-for-stm32.12.3.rel1.win32_1.0.100.202403111256/tools/bin/../lib/gcc/arm-none-eabi/12.3.1/../../../../arm-none-eabi/lib/thumb/v7e-m+fp/hard\libc_nano.a
LOAD C:/ST/STM32CubeIDE_1.15.0/STM32CubeIDE/plugins/com.st.stm32cube.ide.mcu.externaltools.gnu-tools-for-stm32.12.3.rel1.win32_1.0.100.202403111256/tools/bin/../lib/gcc/arm-none-eabi/12.3.1/../../../../arm-none-eabi/lib/thumb/v7e-m+fp/hard\libnosys.a
END GROUP
LOAD C:/ST/STM32CubeIDE_1.15.0/STM32CubeIDE/plugins/com.st.stm32cube.ide.mcu.externaltools.gnu-tools-for-stm32.12.3.rel1.win32_1.0.100.202403111256/tools/bin/../lib/gcc/arm-none-eabi/12.3.1/thumb/v7e-m+fp/hard/crtend.o
LOAD C:/ST/STM32CubeIDE_1.15.0/STM32CubeIDE/plugins/com.st.stm32cube.ide.mcu.externaltools.gnu-tools-for-stm32.12.3.rel1.win32_1.0.100.202403111256/tools/bin/../lib/gcc/arm-none-eabi/12.3.1/thumb/v7e-m+fp/hard/crtn.o
                0x20020000                        _estack = (ORIGIN (RAM) + LENGTH (RAM))
                0x00000200                        _Min_Heap_Size = 0x200
                0x00000400                        _Min_Stack_Size = 0x400

.isr_vector     0x08000000      0x198
                0x08000000                        . = ALIGN (0x4)
 *(.isr_vector)
 .isr_vector    0x08000000      0x198 ./Core/Startup/startup_stm32f411retx.o
                0x08000000                g_pfnVectors
                0x08000198                        . = ALIGN (0x4)

.text           0x080001a0     0x3884
                0x080001a0                        . = ALIGN (0x4)
 *(.text)
 .text          0x080001a0       0x40 C:/ST/STM32CubeIDE_1.15.0/STM32CubeIDE/plugins/com.st.stm32cube.ide.mcu.externaltools.gnu-tools-for-stm32.12.3.rel1.win32_1.0.100.202403111256/tools/bin/../lib/gcc/arm-none-eabi/12.3.1/thumb/v7e-m+fp/hard/crtbegin.o
 .text          0x080001e0       0x30 C:/ST/STM32CubeIDE_1.15.0/STM32CubeIDE/plugins/com.st.stm32cube.ide.mcu.externaltools.gnu-tools-for-stm32.12.3.rel1.win32_1.0.100.202403111256/tools/bin/../lib/gcc/arm-none-eabi/12.3.1/thumb/v7e-m+fp/hard\libgcc.a(_aeabi_uldivmod.o)
                0x080001e0                __aeabi_uldivmod
 .text          0x08000210      0x2bc C:/ST/STM32CubeIDE_1.15.0/STM32CubeIDE/plugins/com.st.stm32cube.ide.mcu.externaltools.gnu-tools-for-stm32.12.3.rel1.win32_1.0.100.202403111256/tools/bin/../lib/gcc/arm-none-eabi/12.3.1/thumb/v7e-m+fp/hard\libgcc.a(_udivmoddi4.o)
                0x08000210                __udivmoddi4
 .text          0x080004cc        0x4 C:/ST/STM32CubeIDE_1.15.0/STM32CubeIDE/plugins/com.st.stm32cube.ide.mcu.externaltools.gnu-tools-for-stm32.12.3.rel1.win32_1.0.100.202403111256/tools/bin/../lib/gcc/arm-none-eabi/12.3.1/thumb/v7e-m+fp/hard\libgcc.a(_dvmd_tls.o)
                0x080004cc                __aeabi_idiv0
                0x080004cc                __aeabi_ldiv0
 *(.text*)
 .text.vApplicationGetIdleTaskMemory
                0x080004d0       0x34 ./Core/Src/freertos.o
                0x080004d0                vApplicationGetIdleTaskMemory
 .text.main     0x08000504       0xa8 ./Core/Src/main.o
                0x08000504                main
 .text.SystemClock_Config
                0x080005ac       0xd4 ./Core/Src/main.o
                0x080005ac                SystemClock_Config
 .text.MX_TIM3_Init
                0x08000680       0x9c ./Core/Src/main.o
 .text.MX_USART2_UART_Init
                0x0800071c       0x54 ./Core/Src/main.o
 .text.MX_GPIO_Init
                0x08000770       0xfc ./Core/Src/main.o
 .text.StartDefaultTask
                0x0800086c       0x24 ./Core/Src/main.o
                0x0800086c                StartDefaultTask
 .text.StartTask02
                0x08000890       0x24 ./Core/Src/main.o
                0x08000890                StartTask02
 .text.StartTask03
                0x080008b4       0x10 ./Core/Src/main.o
                0x080008b4                StartTask03
 .text.Error_Handler
                0x080008c4        0xc ./Core/Src/main.o
                0x080008c4                Error_Handler
 .text.HAL_MspInit
                0x080008d0       0x58 ./Core/Src/stm32f4xx_hal_msp.o
                0x080008d0                HAL_MspInit
 .text.HAL_TIM_Base_MspInit
                0x08000928       0x44 ./Core/Src/stm32f4xx_hal_msp.o
                0x08000928                HAL_TIM_Base_MspInit
 .text.HAL_UART_MspInit
                0x0800096c       0x90 ./Core/Src/stm32f4xx_hal_msp.o
                0x0800096c                HAL_UART_MspInit
 .text.NMI_Handler
                0x080009fc        0x8 ./Core/Src/stm32f4xx_it.o
                0x080009fc                NMI_Handler
 .text.HardFault_Handler
                0x08000a04        0x8 ./Core/Src/stm32f4xx_it.o
                0x08000a04                HardFault_Handler
 .text.MemManage_Handler
                0x08000a0c        0x8 ./Core/Src/stm32f4xx_it.o
                0x08000a0c                MemManage_Handler
 .text.BusFault_Handler
                0x08000a14        0x8 ./Core/Src/stm32f4xx_it.o
                0x08000a14                BusFault_Handler
 .text.UsageFault_Handler
                0x08000a1c        0x8 ./Core/Src/stm32f4xx_it.o
                0x08000a1c                UsageFault_Handler
 .text.DebugMon_Handler
                0x08000a24        0xe ./Core/Src/stm32f4xx_it.o
                0x08000a24                DebugMon_Handler
 .text.SysTick_Handler
                0x08000a32       0x1a ./Core/Src/stm32f4xx_it.o
                0x08000a32                SysTick_Handler
 .text.SystemInit
                0x08000a4c       0x24 ./Core/Src/system_stm32f4xx.o
                0x08000a4c                SystemInit
 .text.Reset_Handler
                0x08000a70       0x50 ./Core/Startup/startup_stm32f411retx.o
                0x08000a70                Reset_Handler
 .text.Default_Handler
                0x08000ac0        0x2 ./Core/Startup/startup_stm32f411retx.o
                0x08000ac0                RTC_Alarm_IRQHandler
                0x08000ac0                EXTI2_IRQHandler
                0x08000ac0                SPI4_IRQHandler
                0x08000ac0                TIM1_CC_IRQHandler
                0x08000ac0                DMA2_Stream5_IRQHandler
                0x08000ac0                DMA1_Stream5_IRQHandler
                0x08000ac0                PVD_IRQHandler
                0x08000ac0                SDIO_IRQHandler
                0x08000ac0                TAMP_STAMP_IRQHandler
                0x08000ac0                EXTI3_IRQHandler
                0x08000ac0                TIM1_UP_TIM10_IRQHandler
                0x08000ac0                I2C3_ER_IRQHandler
                0x08000ac0                EXTI0_IRQHandler
                0x08000ac0                I2C2_EV_IRQHandler
                0x08000ac0                DMA1_Stream2_IRQHandler
                0x08000ac0                FPU_IRQHandler
                0x08000ac0                DMA2_Stream2_IRQHandler
                0x08000ac0                SPI1_IRQHandler
                0x08000ac0                TIM1_BRK_TIM9_IRQHandler
                0x08000ac0                DMA2_Stream3_IRQHandler
                0x08000ac0                USART6_IRQHandler
                0x08000ac0                DMA2_Stream0_IRQHandler
                0x08000ac0                TIM4_IRQHandler
                0x08000ac0                I2C1_EV_IRQHandler
                0x08000ac0                DMA1_Stream6_IRQHandler
                0x08000ac0                DMA1_Stream1_IRQHandler
                0x08000ac0                TIM3_IRQHandler
                0x08000ac0                RCC_IRQHandler
                0x08000ac0                Default_Handler
                0x08000ac0                EXTI15_10_IRQHandler
                0x08000ac0                ADC_IRQHandler
                0x08000ac0                DMA1_Stream7_IRQHandler
                0x08000ac0                SPI5_IRQHandler
                0x08000ac0                TIM5_IRQHandler
                0x08000ac0                DMA2_Stream7_IRQHandler
                0x08000ac0                I2C3_EV_IRQHandler
                0x08000ac0                EXTI9_5_IRQHandler
                0x08000ac0                RTC_WKUP_IRQHandler
                0x08000ac0                SPI2_IRQHandler
                0x08000ac0                DMA1_Stream0_IRQHandler
                0x08000ac0                EXTI4_IRQHandler
                0x08000ac0                WWDG_IRQHandler
                0x08000ac0                TIM2_IRQHandler
                0x08000ac0                OTG_FS_WKUP_IRQHandler
                0x08000ac0                TIM1_TRG_COM_TIM11_IRQHandler
                0x08000ac0                EXTI1_IRQHandler
                0x08000ac0                USART2_IRQHandler
                0x08000ac0                I2C2_ER_IRQHandler
                0x08000ac0                DMA2_Stream1_IRQHandler
                0x08000ac0                FLASH_IRQHandler
                0x08000ac0                DMA2_Stream4_IRQHandler
                0x08000ac0                USART1_IRQHandler
                0x08000ac0                OTG_FS_IRQHandler
                0x08000ac0                SPI3_IRQHandler
                0x08000ac0                DMA1_Stream4_IRQHandler
                0x08000ac0                I2C1_ER_IRQHandler
                0x08000ac0                DMA2_Stream6_IRQHandler
                0x08000ac0                DMA1_Stream3_IRQHandler
 *fill*         0x08000ac2        0x2 
 .text.HAL_Init
                0x08000ac4       0x44 ./Drivers/STM32F4xx_HAL_Driver/Src/stm32f4xx_hal.o
                0x08000ac4                HAL_Init
 .text.HAL_InitTick
                0x08000b08       0x60 ./Drivers/STM32F4xx_HAL_Driver/Src/stm32f4xx_hal.o
                0x08000b08                HAL_InitTick
 .text.HAL_IncTick
                0x08000b68       0x28 ./Drivers/STM32F4xx_HAL_Driver/Src/stm32f4xx_hal.o
                0x08000b68                HAL_IncTick
 .text.HAL_GetTick
                0x08000b90       0x18 ./Drivers/STM32F4xx_HAL_Driver/Src/stm32f4xx_hal.o
                0x08000b90                HAL_GetTick
 .text.__NVIC_SetPriorityGrouping
                0x08000ba8       0x48 ./Drivers/STM32F4xx_HAL_Driver/Src/stm32f4xx_hal_cortex.o
 .text.__NVIC_GetPriorityGrouping
                0x08000bf0       0x1c ./Drivers/STM32F4xx_HAL_Driver/Src/stm32f4xx_hal_cortex.o
 .text.__NVIC_SetPriority
                0x08000c0c       0x54 ./Drivers/STM32F4xx_HAL_Driver/Src/stm32f4xx_hal_cortex.o
 .text.NVIC_EncodePriority
                0x08000c60       0x66 ./Drivers/STM32F4xx_HAL_Driver/Src/stm32f4xx_hal_cortex.o
 *fill*         0x08000cc6        0x2 
 .text.SysTick_Config
                0x08000cc8       0x44 ./Drivers/STM32F4xx_HAL_Driver/Src/stm32f4xx_hal_cortex.o
 .text.HAL_NVIC_SetPriorityGrouping
                0x08000d0c       0x16 ./Drivers/STM32F4xx_HAL_Driver/Src/stm32f4xx_hal_cortex.o
                0x08000d0c                HAL_NVIC_SetPriorityGrouping
 .text.HAL_NVIC_SetPriority
                0x08000d22       0x38 ./Drivers/STM32F4xx_HAL_Driver/Src/stm32f4xx_hal_cortex.o
                0x08000d22                HAL_NVIC_SetPriority
 .text.HAL_SYSTICK_Config
                0x08000d5a       0x18 ./Drivers/STM32F4xx_HAL_Driver/Src/stm32f4xx_hal_cortex.o
                0x08000d5a                HAL_SYSTICK_Config
 *fill*         0x08000d72        0x2 
 .text.HAL_GPIO_Init
                0x08000d74      0x308 ./Drivers/STM32F4xx_HAL_Driver/Src/stm32f4xx_hal_gpio.o
                0x08000d74                HAL_GPIO_Init
 .text.HAL_GPIO_WritePin
                0x0800107c       0x32 ./Drivers/STM32F4xx_HAL_Driver/Src/stm32f4xx_hal_gpio.o
                0x0800107c                HAL_GPIO_WritePin
 *fill*         0x080010ae        0x2 
 .text.HAL_RCC_OscConfig
                0x080010b0      0x4f0 ./Drivers/STM32F4xx_HAL_Driver/Src/stm32f4xx_hal_rcc.o
                0x080010b0                HAL_RCC_OscConfig
 .text.HAL_RCC_ClockConfig
                0x080015a0      0x1cc ./Drivers/STM32F4xx_HAL_Driver/Src/stm32f4xx_hal_rcc.o
                0x080015a0                HAL_RCC_ClockConfig
 .text.HAL_RCC_GetSysClockFreq
                0x0800176c      0x20c ./Drivers/STM32F4xx_HAL_Driver/Src/stm32f4xx_hal_rcc.o
                0x0800176c                HAL_RCC_GetSysClockFreq
 .text.HAL_RCC_GetHCLKFreq
                0x08001978       0x18 ./Drivers/STM32F4xx_HAL_Driver/Src/stm32f4xx_hal_rcc.o
                0x08001978                HAL_RCC_GetHCLKFreq
 .text.HAL_RCC_GetPCLK1Freq
                0x08001990       0x28 ./Drivers/STM32F4xx_HAL_Driver/Src/stm32f4xx_hal_rcc.o
                0x08001990                HAL_RCC_GetPCLK1Freq
 .text.HAL_RCC_GetPCLK2Freq
                0x080019b8       0x28 ./Drivers/STM32F4xx_HAL_Driver/Src/stm32f4xx_hal_rcc.o
                0x080019b8                HAL_RCC_GetPCLK2Freq
 .text.HAL_TIM_Base_Init
                0x080019e0       0x9e ./Drivers/STM32F4xx_HAL_Driver/Src/stm32f4xx_hal_tim.o
                0x080019e0                HAL_TIM_Base_Init
 .text.HAL_TIM_ConfigClockSource
                0x08001a7e      0x18e ./Drivers/STM32F4xx_HAL_Driver/Src/stm32f4xx_hal_tim.o
                0x08001a7e                HAL_TIM_ConfigClockSource
 .text.TIM_Base_SetConfig
                0x08001c0c      0x118 ./Drivers/STM32F4xx_HAL_Driver/Src/stm32f4xx_hal_tim.o
                0x08001c0c                TIM_Base_SetConfig
 .text.TIM_TI1_ConfigInputStage
                0x08001d24       0x5e ./Drivers/STM32F4xx_HAL_Driver/Src/stm32f4xx_hal_tim.o
 .text.TIM_TI2_ConfigInputStage
                0x08001d82       0x60 ./Drivers/STM32F4xx_HAL_Driver/Src/stm32f4xx_hal_tim.o
 .text.TIM_ITRx_SetConfig
                0x08001de2       0x36 ./Drivers/STM32F4xx_HAL_Driver/Src/stm32f4xx_hal_tim.o
 .text.TIM_ETR_SetConfig
                0x08001e18       0x40 ./Drivers/STM32F4xx_HAL_Driver/Src/stm32f4xx_hal_tim.o
                0x08001e18                TIM_ETR_SetConfig
 .text.HAL_TIMEx_MasterConfigSynchronization
                0x08001e58       0xdc ./Drivers/STM32F4xx_HAL_Driver/Src/stm32f4xx_hal_tim_ex.o
                0x08001e58                HAL_TIMEx_MasterConfigSynchronization
 .text.HAL_UART_Init
                0x08001f34       0xa0 ./Drivers/STM32F4xx_HAL_Driver/Src/stm32f4xx_hal_uart.o
                0x08001f34                HAL_UART_Init
 .text.UART_SetConfig
                0x08001fd4      0x4e8 ./Drivers/STM32F4xx_HAL_Driver/Src/stm32f4xx_hal_uart.o
 .text.makeFreeRtosPriority
                0x080024bc       0x30 ./Middlewares/Third_Party/FreeRTOS/Source/CMSIS_RTOS/cmsis_os.o
 .text.osKernelStart
                0x080024ec        0xe ./Middlewares/Third_Party/FreeRTOS/Source/CMSIS_RTOS/cmsis_os.o
                0x080024ec                osKernelStart
 .text.osThreadCreate
                0x080024fa       0x98 ./Middlewares/Third_Party/FreeRTOS/Source/CMSIS_RTOS/cmsis_os.o
                0x080024fa                osThreadCreate
 .text.osDelay  0x08002592       0x28 ./Middlewares/Third_Party/FreeRTOS/Source/CMSIS_RTOS/cmsis_os.o
                0x08002592                osDelay
 .text.vListInitialise
                0x080025ba       0x40 ./Middlewares/Third_Party/FreeRTOS/Source/list.o
                0x080025ba                vListInitialise
 .text.vListInitialiseItem
                0x080025fa       0x1a ./Middlewares/Third_Party/FreeRTOS/Source/list.o
                0x080025fa                vListInitialiseItem
 .text.vListInsertEnd
                0x08002614       0x48 ./Middlewares/Third_Party/FreeRTOS/Source/list.o
                0x08002614                vListInsertEnd
 .text.vListInsert
                0x0800265c       0x72 ./Middlewares/Third_Party/FreeRTOS/Source/list.o
                0x0800265c                vListInsert
 .text.uxListRemove
                0x080026ce       0x54 ./Middlewares/Third_Party/FreeRTOS/Source/list.o
                0x080026ce                uxListRemove
 .text.xTaskCreateStatic
                0x08002722       0xc0 ./Middlewares/Third_Party/FreeRTOS/Source/tasks.o
                0x08002722                xTaskCreateStatic
 .text.xTaskCreate
                0x080027e2       0x8a ./Middlewares/Third_Party/FreeRTOS/Source/tasks.o
                0x080027e2                xTaskCreate
 .text.prvInitialiseNewTask
                0x0800286c      0x110 ./Middlewares/Third_Party/FreeRTOS/Source/tasks.o
 .text.prvAddNewTaskToReadyList
                0x0800297c       0xd4 ./Middlewares/Third_Party/FreeRTOS/Source/tasks.o
 .text.vTaskDelay
                0x08002a50       0x6c ./Middlewares/Third_Party/FreeRTOS/Source/tasks.o
                0x08002a50                vTaskDelay
 .text.vTaskStartScheduler
                0x08002abc       0xc4 ./Middlewares/Third_Party/FreeRTOS/Source/tasks.o
                0x08002abc                vTaskStartScheduler
 .text.vTaskSuspendAll
                0x08002b80       0x1c ./Middlewares/Third_Party/FreeRTOS/Source/tasks.o
                0x08002b80                vTaskSuspendAll
 .text.xTaskResumeAll
                0x08002b9c      0x13c ./Middlewares/Third_Party/FreeRTOS/Source/tasks.o
                0x08002b9c                xTaskResumeAll
 .text.xTaskIncrementTick
                0x08002cd8      0x174 ./Middlewares/Third_Party/FreeRTOS/Source/tasks.o
                0x08002cd8                xTaskIncrementTick
 .text.vTaskSwitchContext
                0x08002e4c       0xb8 ./Middlewares/Third_Party/FreeRTOS/Source/tasks.o
                0x08002e4c                vTaskSwitchContext
 .text.prvIdleTask
                0x08002f04       0x30 ./Middlewares/Third_Party/FreeRTOS/Source/tasks.o
 .text.prvInitialiseTaskLists
                0x08002f34       0x80 ./Middlewares/Third_Party/FreeRTOS/Source/tasks.o
 .text.prvCheckTasksWaitingTermination
                0x08002fb4       0x5c ./Middlewares/Third_Party/FreeRTOS/Source/tasks.o
 .text.prvDeleteTCB
                0x08003010       0x60 ./Middlewares/Third_Party/FreeRTOS/Source/tasks.o
 .text.prvResetNextTaskUnblockTime
                0x08003070       0x40 ./Middlewares/Third_Party/FreeRTOS/Source/tasks.o
 .text.xTaskGetSchedulerState
                0x080030b0       0x3c ./Middlewares/Third_Party/FreeRTOS/Source/tasks.o
                0x080030b0                xTaskGetSchedulerState
 .text.prvAddCurrentTaskToDelayedList
                0x080030ec       0xcc ./Middlewares/Third_Party/FreeRTOS/Source/tasks.o
 .text.pxPortInitialiseStack
                0x080031b8       0x68 ./Middlewares/Third_Party/FreeRTOS/Source/portable/GCC/ARM_CM4F/port.o
                0x080031b8                pxPortInitialiseStack
 .text.prvTaskExitError
                0x08003220       0x5c ./Middlewares/Third_Party/FreeRTOS/Source/portable/GCC/ARM_CM4F/port.o
 *fill*         0x0800327c        0x4 
 .text.SVC_Handler
                0x08003280       0x28 ./Middlewares/Third_Party/FreeRTOS/Source/portable/GCC/ARM_CM4F/port.o
                0x08003280                SVC_Handler
 .text.prvPortStartFirstTask
                0x080032a8       0x28 ./Middlewares/Third_Party/FreeRTOS/Source/portable/GCC/ARM_CM4F/port.o
 .text.xPortStartScheduler
                0x080032d0      0x148 ./Middlewares/Third_Party/FreeRTOS/Source/portable/GCC/ARM_CM4F/port.o
                0x080032d0                xPortStartScheduler
 .text.vPortEnterCritical
                0x08003418       0x64 ./Middlewares/Third_Party/FreeRTOS/Source/portable/GCC/ARM_CM4F/port.o
                0x08003418                vPortEnterCritical
 .text.vPortExitCritical
                0x0800347c       0x54 ./Middlewares/Third_Party/FreeRTOS/Source/portable/GCC/ARM_CM4F/port.o
                0x0800347c                vPortExitCritical
 .text.PendSV_Handler
                0x080034d0       0x68 ./Middlewares/Third_Party/FreeRTOS/Source/portable/GCC/ARM_CM4F/port.o
                0x080034d0                PendSV_Handler
 .text.xPortSysTickHandler
                0x08003538       0x44 ./Middlewares/Third_Party/FreeRTOS/Source/portable/GCC/ARM_CM4F/port.o
                0x08003538                xPortSysTickHandler
 .text.vPortSetupTimerInterrupt
                0x0800357c       0x48 ./Middlewares/Third_Party/FreeRTOS/Source/portable/GCC/ARM_CM4F/port.o
                0x0800357c                vPortSetupTimerInterrupt
 .text.vPortEnableVFP
                0x080035c4       0x14 ./Middlewares/Third_Party/FreeRTOS/Source/portable/GCC/ARM_CM4F/port.o
 .text.pvPortMalloc
                0x080035d8      0x19c ./Middlewares/Third_Party/FreeRTOS/Source/portable/MemMang/heap_4.o
                0x080035d8                pvPortMalloc
 .text.vPortFree
                0x08003774       0xc8 ./Middlewares/Third_Party/FreeRTOS/Source/portable/MemMang/heap_4.o
                0x08003774                vPortFree
 .text.prvHeapInit
                0x0800383c       0xc4 ./Middlewares/Third_Party/FreeRTOS/Source/portable/MemMang/heap_4.o
 .text.prvInsertBlockIntoFreeList
                0x08003900       0xb4 ./Middlewares/Third_Party/FreeRTOS/Source/portable/MemMang/heap_4.o
 .text.memset   0x080039b4       0x10 C:/ST/STM32CubeIDE_1.15.0/STM32CubeIDE/plugins/com.st.stm32cube.ide.mcu.externaltools.gnu-tools-for-stm32.12.3.rel1.win32_1.0.100.202403111256/tools/bin/../lib/gcc/arm-none-eabi/12.3.1/../../../../arm-none-eabi/lib/thumb/v7e-m+fp/hard\libc_nano.a(libc_a-memset.o)
                0x080039b4                memset
 .text.__libc_init_array
                0x080039c4       0x48 C:/ST/STM32CubeIDE_1.15.0/STM32CubeIDE/plugins/com.st.stm32cube.ide.mcu.externaltools.gnu-tools-for-stm32.12.3.rel1.win32_1.0.100.202403111256/tools/bin/../lib/gcc/arm-none-eabi/12.3.1/../../../../arm-none-eabi/lib/thumb/v7e-m+fp/hard\libc_nano.a(libc_a-init.o)
                0x080039c4                __libc_init_array
 *(.glue_7)
 .glue_7        0x08003a0c        0x0 linker stubs
 *(.glue_7t)
 .glue_7t       0x08003a0c        0x0 linker stubs
 *(.eh_frame)
 .eh_frame      0x08003a0c        0x0 C:/ST/STM32CubeIDE_1.15.0/STM32CubeIDE/plugins/com.st.stm32cube.ide.mcu.externaltools.gnu-tools-for-stm32.12.3.rel1.win32_1.0.100.202403111256/tools/bin/../lib/gcc/arm-none-eabi/12.3.1/thumb/v7e-m+fp/hard/crtbegin.o
 *(.init)
 .init          0x08003a0c        0x4 C:/ST/STM32CubeIDE_1.15.0/STM32CubeIDE/plugins/com.st.stm32cube.ide.mcu.externaltools.gnu-tools-for-stm32.12.3.rel1.win32_1.0.100.202403111256/tools/bin/../lib/gcc/arm-none-eabi/12.3.1/thumb/v7e-m+fp/hard/crti.o
                0x08003a0c                _init
 .init          0x08003a10        0x8 C:/ST/STM32CubeIDE_1.15.0/STM32CubeIDE/plugins/com.st.stm32cube.ide.mcu.externaltools.gnu-tools-for-stm32.12.3.rel1.win32_1.0.100.202403111256/tools/bin/../lib/gcc/arm-none-eabi/12.3.1/thumb/v7e-m+fp/hard/crtn.o
 *(.fini)
 .fini          0x08003a18        0x4 C:/ST/STM32CubeIDE_1.15.0/STM32CubeIDE/plugins/com.st.stm32cube.ide.mcu.externaltools.gnu-tools-for-stm32.12.3.rel1.win32_1.0.100.202403111256/tools/bin/../lib/gcc/arm-none-eabi/12.3.1/thumb/v7e-m+fp/hard/crti.o
                0x08003a18                _fini
 .fini          0x08003a1c        0x8 C:/ST/STM32CubeIDE_1.15.0/STM32CubeIDE/plugins/com.st.stm32cube.ide.mcu.externaltools.gnu-tools-for-stm32.12.3.rel1.win32_1.0.100.202403111256/tools/bin/../lib/gcc/arm-none-eabi/12.3.1/thumb/v7e-m+fp/hard/crtn.o
                0x08003a24                        . = ALIGN (0x4)
                0x08003a24                        _etext = .

.vfp11_veneer   0x08003a24        0x0
 .vfp11_veneer  0x08003a24        0x0 linker stubs

.v4_bx          0x08003a24        0x0
 .v4_bx         0x08003a24        0x0 linker stubs

.iplt           0x08003a24        0x0
 .iplt          0x08003a24        0x0 C:/ST/STM32CubeIDE_1.15.0/STM32CubeIDE/plugins/com.st.stm32cube.ide.mcu.externaltools.gnu-tools-for-stm32.12.3.rel1.win32_1.0.100.202403111256/tools/bin/../lib/gcc/arm-none-eabi/12.3.1/thumb/v7e-m+fp/hard/crtbegin.o

.rodata         0x08003a24       0x8c
                0x08003a24                        . = ALIGN (0x4)
 *(.rodata)
 .rodata        0x08003a24       0x6c ./Core/Src/main.o
 .rodata        0x08003a90        0x5 ./Middlewares/Third_Party/FreeRTOS/Source/tasks.o
 *(.rodata*)
 *fill*         0x08003a95        0x3 
 .rodata.AHBPrescTable
                0x08003a98       0x10 ./Core/Src/system_stm32f4xx.o
                0x08003a98                AHBPrescTable
 .rodata.APBPrescTable
                0x08003aa8        0x8 ./Core/Src/system_stm32f4xx.o
                0x08003aa8                APBPrescTable
                0x08003ab0                        . = ALIGN (0x4)

.ARM.extab      0x08003ab0        0x0
                0x08003ab0                        . = ALIGN (0x4)
 *(.ARM.extab* .gnu.linkonce.armextab.*)
                0x08003ab0                        . = ALIGN (0x4)

.ARM            0x08003ab0        0x8
                0x08003ab0                        . = ALIGN (0x4)
                0x08003ab0                        __exidx_start = .
 *(.ARM.exidx*)
 .ARM.exidx     0x08003ab0        0x8 C:/ST/STM32CubeIDE_1.15.0/STM32CubeIDE/plugins/com.st.stm32cube.ide.mcu.externaltools.gnu-tools-for-stm32.12.3.rel1.win32_1.0.100.202403111256/tools/bin/../lib/gcc/arm-none-eabi/12.3.1/thumb/v7e-m+fp/hard\libgcc.a(_udivmoddi4.o)
                0x08003ab8                        __exidx_end = .
                0x08003ab8                        . = ALIGN (0x4)

.preinit_array  0x08003ab8        0x0
                0x08003ab8                        . = ALIGN (0x4)
                0x08003ab8                        PROVIDE (__preinit_array_start = .)
 *(.preinit_array*)
                0x08003ab8                        PROVIDE (__preinit_array_end = .)
                0x08003ab8                        . = ALIGN (0x4)

.init_array     0x08003ab8        0x4
                0x08003ab8                        . = ALIGN (0x4)
                0x08003ab8                        PROVIDE (__init_array_start = .)
 *(SORT_BY_NAME(.init_array.*))
 *(.init_array*)
 .init_array    0x08003ab8        0x4 C:/ST/STM32CubeIDE_1.15.0/STM32CubeIDE/plugins/com.st.stm32cube.ide.mcu.externaltools.gnu-tools-for-stm32.12.3.rel1.win32_1.0.100.202403111256/tools/bin/../lib/gcc/arm-none-eabi/12.3.1/thumb/v7e-m+fp/hard/crtbegin.o
                0x08003abc                        PROVIDE (__init_array_end = .)
                0x08003abc                        . = ALIGN (0x4)

.fini_array     0x08003abc        0x4
                0x08003abc                        . = ALIGN (0x4)
                [!provide]                        PROVIDE (__fini_array_start = .)
 *(SORT_BY_NAME(.fini_array.*))
 *(.fini_array*)
 .fini_array    0x08003abc        0x4 C:/ST/STM32CubeIDE_1.15.0/STM32CubeIDE/plugins/com.st.stm32cube.ide.mcu.externaltools.gnu-tools-for-stm32.12.3.rel1.win32_1.0.100.202403111256/tools/bin/../lib/gcc/arm-none-eabi/12.3.1/thumb/v7e-m+fp/hard/crtbegin.o
                [!provide]                        PROVIDE (__fini_array_end = .)
                0x08003ac0                        . = ALIGN (0x4)
                0x08003ac0                        _sidata = LOADADDR (.data)

.rel.dyn        0x08003ac0        0x0
 .rel.iplt      0x08003ac0        0x0 C:/ST/STM32CubeIDE_1.15.0/STM32CubeIDE/plugins/com.st.stm32cube.ide.mcu.externaltools.gnu-tools-for-stm32.12.3.rel1.win32_1.0.100.202403111256/tools/bin/../lib/gcc/arm-none-eabi/12.3.1/thumb/v7e-m+fp/hard/crtbegin.o

.data           0x20000000       0x10 load address 0x08003ac0
                0x20000000                        . = ALIGN (0x4)
                0x20000000                        _sdata = .
 *(.data)
 *(.data*)
 .data.SystemCoreClock
                0x20000000        0x4 ./Core/Src/system_stm32f4xx.o
                0x20000000                SystemCoreClock
 .data.uwTickPrio
                0x20000004        0x4 ./Drivers/STM32F4xx_HAL_Driver/Src/stm32f4xx_hal.o
                0x20000004                uwTickPrio
 .data.uwTickFreq
                0x20000008        0x1 ./Drivers/STM32F4xx_HAL_Driver/Src/stm32f4xx_hal.o
                0x20000008                uwTickFreq
 *fill*         0x20000009        0x3 
 .data.uxCriticalNesting
                0x2000000c        0x4 ./Middlewares/Third_Party/FreeRTOS/Source/portable/GCC/ARM_CM4F/port.o
 *(.RamFunc)
 *(.RamFunc*)
                0x20000010                        . = ALIGN (0x4)
                0x20000010                        _edata = .

.igot.plt       0x20000010        0x0 load address 0x08003ad0
 .igot.plt      0x20000010        0x0 C:/ST/STM32CubeIDE_1.15.0/STM32CubeIDE/plugins/com.st.stm32cube.ide.mcu.externaltools.gnu-tools-for-stm32.12.3.rel1.win32_1.0.100.202403111256/tools/bin/../lib/gcc/arm-none-eabi/12.3.1/thumb/v7e-m+fp/hard/crtbegin.o
                0x20000010                        . = ALIGN (0x4)

.bss            0x20000010     0x4064 load address 0x08003ad0
                0x20000010                        _sbss = .
                0x20000010                        __bss_start__ = _sbss
 *(.bss)
 .bss           0x20000010       0x1c C:/ST/STM32CubeIDE_1.15.0/STM32CubeIDE/plugins/com.st.stm32cube.ide.mcu.externaltools.gnu-tools-for-stm32.12.3.rel1.win32_1.0.100.202403111256/tools/bin/../lib/gcc/arm-none-eabi/12.3.1/thumb/v7e-m+fp/hard/crtbegin.o
 *(.bss*)
 .bss.xIdleTaskTCBBuffer
                0x2000002c       0x54 ./Core/Src/freertos.o
 .bss.xIdleStack
                0x20000080      0x200 ./Core/Src/freertos.o
 .bss.htim3     0x20000280       0x48 ./Core/Src/main.o
                0x20000280                htim3
 .bss.huart2    0x200002c8       0x48 ./Core/Src/main.o
                0x200002c8                huart2
 .bss.task1Handle
                0x20000310        0x4 ./Core/Src/main.o
                0x20000310                task1Handle
 .bss.task2Handle
                0x20000314        0x4 ./Core/Src/main.o
                0x20000314                task2Handle
 .bss.task3Handle
                0x20000318        0x4 ./Core/Src/main.o
                0x20000318                task3Handle
 .bss.uwTick    0x2000031c        0x4 ./Drivers/STM32F4xx_HAL_Driver/Src/stm32f4xx_hal.o
                0x2000031c                uwTick
 .bss.pxCurrentTCB
                0x20000320        0x4 ./Middlewares/Third_Party/FreeRTOS/Source/tasks.o
                0x20000320                pxCurrentTCB
 .bss.pxReadyTasksLists
                0x20000324       0x8c ./Middlewares/Third_Party/FreeRTOS/Source/tasks.o
 .bss.xDelayedTaskList1
                0x200003b0       0x14 ./Middlewares/Third_Party/FreeRTOS/Source/tasks.o
 .bss.xDelayedTaskList2
                0x200003c4       0x14 ./Middlewares/Third_Party/FreeRTOS/Source/tasks.o
 .bss.pxDelayedTaskList
                0x200003d8        0x4 ./Middlewares/Third_Party/FreeRTOS/Source/tasks.o
 .bss.pxOverflowDelayedTaskList
                0x200003dc        0x4 ./Middlewares/Third_Party/FreeRTOS/Source/tasks.o
 .bss.xPendingReadyList
                0x200003e0       0x14 ./Middlewares/Third_Party/FreeRTOS/Source/tasks.o
 .bss.xTasksWaitingTermination
                0x200003f4       0x14 ./Middlewares/Third_Party/FreeRTOS/Source/tasks.o
 .bss.uxDeletedTasksWaitingCleanUp
                0x20000408        0x4 ./Middlewares/Third_Party/FreeRTOS/Source/tasks.o
 .bss.xSuspendedTaskList
                0x2000040c       0x14 ./Middlewares/Third_Party/FreeRTOS/Source/tasks.o
 .bss.uxCurrentNumberOfTasks
                0x20000420        0x4 ./Middlewares/Third_Party/FreeRTOS/Source/tasks.o
 .bss.xTickCount
                0x20000424        0x4 ./Middlewares/Third_Party/FreeRTOS/Source/tasks.o
 .bss.uxTopReadyPriority
                0x20000428        0x4 ./Middlewares/Third_Party/FreeRTOS/Source/tasks.o
 .bss.xSchedulerRunning
                0x2000042c        0x4 ./Middlewares/Third_Party/FreeRTOS/Source/tasks.o
 .bss.xPendedTicks
                0x20000430        0x4 ./Middlewares/Third_Party/FreeRTOS/Source/tasks.o
 .bss.xYieldPending
                0x20000434        0x4 ./Middlewares/Third_Party/FreeRTOS/Source/tasks.o
 .bss.xNumOfOverflows
                0x20000438        0x4 ./Middlewares/Third_Party/FreeRTOS/Source/tasks.o
 .bss.uxTaskNumber
                0x2000043c        0x4 ./Middlewares/Third_Party/FreeRTOS/Source/tasks.o
 .bss.xNextTaskUnblockTime
                0x20000440        0x4 ./Middlewares/Third_Party/FreeRTOS/Source/tasks.o
 .bss.xIdleTaskHandle
                0x20000444        0x4 ./Middlewares/Third_Party/FreeRTOS/Source/tasks.o
 .bss.uxSchedulerSuspended
                0x20000448        0x4 ./Middlewares/Third_Party/FreeRTOS/Source/tasks.o
 .bss.ucMaxSysCallPriority
                0x2000044c        0x1 ./Middlewares/Third_Party/FreeRTOS/Source/portable/GCC/ARM_CM4F/port.o
 *fill*         0x2000044d        0x3 
 .bss.ulMaxPRIGROUPValue
                0x20000450        0x4 ./Middlewares/Third_Party/FreeRTOS/Source/portable/GCC/ARM_CM4F/port.o
 .bss.ucHeap    0x20000454     0x3c00 ./Middlewares/Third_Party/FreeRTOS/Source/portable/MemMang/heap_4.o
 .bss.xStart    0x20004054        0x8 ./Middlewares/Third_Party/FreeRTOS/Source/portable/MemMang/heap_4.o
 .bss.pxEnd     0x2000405c        0x4 ./Middlewares/Third_Party/FreeRTOS/Source/portable/MemMang/heap_4.o
 .bss.xFreeBytesRemaining
                0x20004060        0x4 ./Middlewares/Third_Party/FreeRTOS/Source/portable/MemMang/heap_4.o
 .bss.xMinimumEverFreeBytesRemaining
                0x20004064        0x4 ./Middlewares/Third_Party/FreeRTOS/Source/portable/MemMang/heap_4.o
 .bss.xNumberOfSuccessfulAllocations
                0x20004068        0x4 ./Middlewares/Third_Party/FreeRTOS/Source/portable/MemMang/heap_4.o
 .bss.xNumberOfSuccessfulFrees
                0x2000406c        0x4 ./Middlewares/Third_Party/FreeRTOS/Source/portable/MemMang/heap_4.o
 .bss.xBlockAllocatedBit
                0x20004070        0x4 ./Middlewares/Third_Party/FreeRTOS/Source/portable/MemMang/heap_4.o
 *(COMMON)
                0x20004074                        . = ALIGN (0x4)
                0x20004074                        _ebss = .
                0x20004074                        __bss_end__ = _ebss

._user_heap_stack
                0x20004074      0x604 load address 0x08003ad0
                0x20004078                        . = ALIGN (0x8)
 *fill*         0x20004074        0x4 
                [!provide]                        PROVIDE (end = .)
                0x20004078                        PROVIDE (_end = .)
                0x20004278                        . = (. + _Min_Heap_Size)
 *fill*         0x20004078      0x200 
                0x20004678                        . = (. + _Min_Stack_Size)
 *fill*         0x20004278      0x400 
                0x20004678                        . = ALIGN (0x8)

/DISCARD/
 libc.a(*)
 libm.a(*)
 libgcc.a(*)

.ARM.attributes
                0x00000000       0x30
 *(.ARM.attributes)
 .ARM.attributes
                0x00000000       0x22 C:/ST/STM32CubeIDE_1.15.0/STM32CubeIDE/plugins/com.st.stm32cube.ide.mcu.externaltools.gnu-tools-for-stm32.12.3.rel1.win32_1.0.100.202403111256/tools/bin/../lib/gcc/arm-none-eabi/12.3.1/thumb/v7e-m+fp/hard/crti.o
 .ARM.attributes
                0x00000022       0x34 C:/ST/STM32CubeIDE_1.15.0/STM32CubeIDE/plugins/com.st.stm32cube.ide.mcu.externaltools.gnu-tools-for-stm32.12.3.rel1.win32_1.0.100.202403111256/tools/bin/../lib/gcc/arm-none-eabi/12.3.1/thumb/v7e-m+fp/hard/crtbegin.o
 .ARM.attributes
                0x00000056       0x34 ./Core/Src/freertos.o
 .ARM.attributes
                0x0000008a       0x34 ./Core/Src/main.o
 .ARM.attributes
                0x000000be       0x34 ./Core/Src/stm32f4xx_hal_msp.o
 .ARM.attributes
                0x000000f2       0x34 ./Core/Src/stm32f4xx_it.o
 .ARM.attributes
                0x00000126       0x34 ./Core/Src/system_stm32f4xx.o
 .ARM.attributes
                0x0000015a       0x21 ./Core/Startup/startup_stm32f411retx.o
 .ARM.attributes
                0x0000017b       0x34 ./Drivers/STM32F4xx_HAL_Driver/Src/stm32f4xx_hal.o
 .ARM.attributes
                0x000001af       0x34 ./Drivers/STM32F4xx_HAL_Driver/Src/stm32f4xx_hal_cortex.o
 .ARM.attributes
                0x000001e3       0x34 ./Drivers/STM32F4xx_HAL_Driver/Src/stm32f4xx_hal_gpio.o
 .ARM.attributes
                0x00000217       0x34 ./Drivers/STM32F4xx_HAL_Driver/Src/stm32f4xx_hal_rcc.o
 .ARM.attributes
                0x0000024b       0x34 ./Drivers/STM32F4xx_HAL_Driver/Src/stm32f4xx_hal_tim.o
 .ARM.attributes
                0x0000027f       0x34 ./Drivers/STM32F4xx_HAL_Driver/Src/stm32f4xx_hal_tim_ex.o
 .ARM.attributes
                0x000002b3       0x34 ./Drivers/STM32F4xx_HAL_Driver/Src/stm32f4xx_hal_uart.o
 .ARM.attributes
                0x000002e7       0x34 ./Middlewares/Third_Party/FreeRTOS/Source/CMSIS_RTOS/cmsis_os.o
 .ARM.attributes
                0x0000031b       0x34 ./Middlewares/Third_Party/FreeRTOS/Source/list.o
 .ARM.attributes
                0x0000034f       0x34 ./Middlewares/Third_Party/FreeRTOS/Source/tasks.o
 .ARM.attributes
                0x00000383       0x34 ./Middlewares/Third_Party/FreeRTOS/Source/portable/GCC/ARM_CM4F/port.o
 .ARM.attributes
                0x000003b7       0x34 ./Middlewares/Third_Party/FreeRTOS/Source/portable/MemMang/heap_4.o
 .ARM.attributes
                0x000003eb       0x34 C:/ST/STM32CubeIDE_1.15.0/STM32CubeIDE/plugins/com.st.stm32cube.ide.mcu.externaltools.gnu-tools-for-stm32.12.3.rel1.win32_1.0.100.202403111256/tools/bin/../lib/gcc/arm-none-eabi/12.3.1/../../../../arm-none-eabi/lib/thumb/v7e-m+fp/hard\libc_nano.a(libc_a-memset.o)
 .ARM.attributes
                0x0000041f       0x34 C:/ST/STM32CubeIDE_1.15.0/STM32CubeIDE/plugins/com.st.stm32cube.ide.mcu.externaltools.gnu-tools-for-stm32.12.3.rel1.win32_1.0.100.202403111256/tools/bin/../lib/gcc/arm-none-eabi/12.3.1/../../../../arm-none-eabi/lib/thumb/v7e-m+fp/hard\libc_nano.a(libc_a-init.o)
 .ARM.attributes
                0x00000453       0x22 C:/ST/STM32CubeIDE_1.15.0/STM32CubeIDE/plugins/com.st.stm32cube.ide.mcu.externaltools.gnu-tools-for-stm32.12.3.rel1.win32_1.0.100.202403111256/tools/bin/../lib/gcc/arm-none-eabi/12.3.1/thumb/v7e-m+fp/hard\libgcc.a(_aeabi_uldivmod.o)
 .ARM.attributes
                0x00000475       0x34 C:/ST/STM32CubeIDE_1.15.0/STM32CubeIDE/plugins/com.st.stm32cube.ide.mcu.externaltools.gnu-tools-for-stm32.12.3.rel1.win32_1.0.100.202403111256/tools/bin/../lib/gcc/arm-none-eabi/12.3.1/thumb/v7e-m+fp/hard\libgcc.a(_udivmoddi4.o)
 .ARM.attributes
                0x000004a9       0x22 C:/ST/STM32CubeIDE_1.15.0/STM32CubeIDE/plugins/com.st.stm32cube.ide.mcu.externaltools.gnu-tools-for-stm32.12.3.rel1.win32_1.0.100.202403111256/tools/bin/../lib/gcc/arm-none-eabi/12.3.1/thumb/v7e-m+fp/hard\libgcc.a(_dvmd_tls.o)
 .ARM.attributes
                0x000004cb       0x22 C:/ST/STM32CubeIDE_1.15.0/STM32CubeIDE/plugins/com.st.stm32cube.ide.mcu.externaltools.gnu-tools-for-stm32.12.3.rel1.win32_1.0.100.202403111256/tools/bin/../lib/gcc/arm-none-eabi/12.3.1/thumb/v7e-m+fp/hard/crtn.o
OUTPUT(kjhrtos.elf elf32-littlearm)
LOAD linker stubs
LOAD C:/ST/STM32CubeIDE_1.15.0/STM32CubeIDE/plugins/com.st.stm32cube.ide.mcu.externaltools.gnu-tools-for-stm32.12.3.rel1.win32_1.0.100.202403111256/tools/bin/../lib/gcc/arm-none-eabi/12.3.1/../../../../arm-none-eabi/lib/thumb/v7e-m+fp/hard\libc.a
LOAD C:/ST/STM32CubeIDE_1.15.0/STM32CubeIDE/plugins/com.st.stm32cube.ide.mcu.externaltools.gnu-tools-for-stm32.12.3.rel1.win32_1.0.100.202403111256/tools/bin/../lib/gcc/arm-none-eabi/12.3.1/../../../../arm-none-eabi/lib/thumb/v7e-m+fp/hard\libm.a
LOAD C:/ST/STM32CubeIDE_1.15.0/STM32CubeIDE/plugins/com.st.stm32cube.ide.mcu.externaltools.gnu-tools-for-stm32.12.3.rel1.win32_1.0.100.202403111256/tools/bin/../lib/gcc/arm-none-eabi/12.3.1/thumb/v7e-m+fp/hard\libgcc.a

.debug_info     0x00000000    0x1040f
 .debug_info    0x00000000      0x279 ./Core/Src/freertos.o
 .debug_info    0x00000279     0x149c ./Core/Src/main.o
 .debug_info    0x00001715      0xea0 ./Core/Src/stm32f4xx_hal_msp.o
 .debug_info    0x000025b5      0x11a ./Core/Src/stm32f4xx_it.o
 .debug_info    0x000026cf      0x53e ./Core/Src/system_stm32f4xx.o
 .debug_info    0x00002c0d       0x30 ./Core/Startup/startup_stm32f411retx.o
 .debug_info    0x00002c3d      0x8c4 ./Drivers/STM32F4xx_HAL_Driver/Src/stm32f4xx_hal.o
 .debug_info    0x00003501      0xcfc ./Drivers/STM32F4xx_HAL_Driver/Src/stm32f4xx_hal_cortex.o
 .debug_info    0x000041fd      0x6f9 ./Drivers/STM32F4xx_HAL_Driver/Src/stm32f4xx_hal_gpio.o
 .debug_info    0x000048f6      0x8f0 ./Drivers/STM32F4xx_HAL_Driver/Src/stm32f4xx_hal_rcc.o
 .debug_info    0x000051e6     0x2996 ./Drivers/STM32F4xx_HAL_Driver/Src/stm32f4xx_hal_tim.o
 .debug_info    0x00007b7c     0x14d4 ./Drivers/STM32F4xx_HAL_Driver/Src/stm32f4xx_hal_tim_ex.o
 .debug_info    0x00009050     0x2f56 ./Drivers/STM32F4xx_HAL_Driver/Src/stm32f4xx_hal_uart.o
 .debug_info    0x0000bfa6     0x1b60 ./Middlewares/Third_Party/FreeRTOS/Source/CMSIS_RTOS/cmsis_os.o
 .debug_info    0x0000db06      0x2af ./Middlewares/Third_Party/FreeRTOS/Source/list.o
 .debug_info    0x0000ddb5     0x1ca7 ./Middlewares/Third_Party/FreeRTOS/Source/tasks.o
 .debug_info    0x0000fa5c      0x4de ./Middlewares/Third_Party/FreeRTOS/Source/portable/GCC/ARM_CM4F/port.o
 .debug_info    0x0000ff3a      0x4d5 ./Middlewares/Third_Party/FreeRTOS/Source/portable/MemMang/heap_4.o

.debug_abbrev   0x00000000     0x2653
 .debug_abbrev  0x00000000       0xd2 ./Core/Src/freertos.o
 .debug_abbrev  0x000000d2      0x308 ./Core/Src/main.o
 .debug_abbrev  0x000003da      0x1f9 ./Core/Src/stm32f4xx_hal_msp.o
 .debug_abbrev  0x000005d3       0x97 ./Core/Src/stm32f4xx_it.o
 .debug_abbrev  0x0000066a      0x11a ./Core/Src/system_stm32f4xx.o
 .debug_abbrev  0x00000784       0x24 ./Core/Startup/startup_stm32f411retx.o
 .debug_abbrev  0x000007a8      0x24b ./Drivers/STM32F4xx_HAL_Driver/Src/stm32f4xx_hal.o
 .debug_abbrev  0x000009f3      0x31d ./Drivers/STM32F4xx_HAL_Driver/Src/stm32f4xx_hal_cortex.o
 .debug_abbrev  0x00000d10      0x1d3 ./Drivers/STM32F4xx_HAL_Driver/Src/stm32f4xx_hal_gpio.o
 .debug_abbrev  0x00000ee3      0x2b6 ./Drivers/STM32F4xx_HAL_Driver/Src/stm32f4xx_hal_rcc.o
 .debug_abbrev  0x00001199      0x28b ./Drivers/STM32F4xx_HAL_Driver/Src/stm32f4xx_hal_tim.o
 .debug_abbrev  0x00001424      0x296 ./Drivers/STM32F4xx_HAL_Driver/Src/stm32f4xx_hal_tim_ex.o
 .debug_abbrev  0x000016ba      0x31b ./Drivers/STM32F4xx_HAL_Driver/Src/stm32f4xx_hal_uart.o
 .debug_abbrev  0x000019d5      0x3b7 ./Middlewares/Third_Party/FreeRTOS/Source/CMSIS_RTOS/cmsis_os.o
 .debug_abbrev  0x00001d8c       0xf5 ./Middlewares/Third_Party/FreeRTOS/Source/list.o
 .debug_abbrev  0x00001e81      0x359 ./Middlewares/Third_Party/FreeRTOS/Source/tasks.o
 .debug_abbrev  0x000021da      0x25c ./Middlewares/Third_Party/FreeRTOS/Source/portable/GCC/ARM_CM4F/port.o
 .debug_abbrev  0x00002436      0x21d ./Middlewares/Third_Party/FreeRTOS/Source/portable/MemMang/heap_4.o

.debug_aranges  0x00000000     0x1048
 .debug_aranges
                0x00000000       0x20 ./Core/Src/freertos.o
 .debug_aranges
                0x00000020       0x60 ./Core/Src/main.o
 .debug_aranges
                0x00000080       0x40 ./Core/Src/stm32f4xx_hal_msp.o
 .debug_aranges
                0x000000c0       0x50 ./Core/Src/stm32f4xx_it.o
 .debug_aranges
                0x00000110       0x28 ./Core/Src/system_stm32f4xx.o
 .debug_aranges
                0x00000138       0x28 ./Core/Startup/startup_stm32f411retx.o
 .debug_aranges
                0x00000160       0xf0 ./Drivers/STM32F4xx_HAL_Driver/Src/stm32f4xx_hal.o
 .debug_aranges
                0x00000250      0x130 ./Drivers/STM32F4xx_HAL_Driver/Src/stm32f4xx_hal_cortex.o
 .debug_aranges
                0x00000380       0x58 ./Drivers/STM32F4xx_HAL_Driver/Src/stm32f4xx_hal_gpio.o
 .debug_aranges
                0x000003d8       0x88 ./Drivers/STM32F4xx_HAL_Driver/Src/stm32f4xx_hal_rcc.o
 .debug_aranges
                0x00000460      0x3d0 ./Drivers/STM32F4xx_HAL_Driver/Src/stm32f4xx_hal_tim.o
 .debug_aranges
                0x00000830      0x168 ./Drivers/STM32F4xx_HAL_Driver/Src/stm32f4xx_hal_tim_ex.o
 .debug_aranges
                0x00000998      0x208 ./Drivers/STM32F4xx_HAL_Driver/Src/stm32f4xx_hal_uart.o
 .debug_aranges
                0x00000ba0      0x1d8 ./Middlewares/Third_Party/FreeRTOS/Source/CMSIS_RTOS/cmsis_os.o
 .debug_aranges
                0x00000d78       0x40 ./Middlewares/Third_Party/FreeRTOS/Source/list.o
 .debug_aranges
                0x00000db8      0x1b8 ./Middlewares/Third_Party/FreeRTOS/Source/tasks.o
 .debug_aranges
                0x00000f70       0x80 ./Middlewares/Third_Party/FreeRTOS/Source/portable/GCC/ARM_CM4F/port.o
 .debug_aranges
                0x00000ff0       0x58 ./Middlewares/Third_Party/FreeRTOS/Source/portable/MemMang/heap_4.o

.debug_rnglists
                0x00000000      0xcb2
 .debug_rnglists
                0x00000000       0x13 ./Core/Src/freertos.o
 .debug_rnglists
                0x00000013       0x47 ./Core/Src/main.o
 .debug_rnglists
                0x0000005a       0x2c ./Core/Src/stm32f4xx_hal_msp.o
 .debug_rnglists
                0x00000086       0x37 ./Core/Src/stm32f4xx_it.o
 .debug_rnglists
                0x000000bd       0x1a ./Core/Src/system_stm32f4xx.o
 .debug_rnglists
                0x000000d7       0x19 ./Core/Startup/startup_stm32f411retx.o
 .debug_rnglists
                0x000000f0       0xaf ./Drivers/STM32F4xx_HAL_Driver/Src/stm32f4xx_hal.o
 .debug_rnglists
                0x0000019f       0xe0 ./Drivers/STM32F4xx_HAL_Driver/Src/stm32f4xx_hal_cortex.o
 .debug_rnglists
                0x0000027f       0x3f ./Drivers/STM32F4xx_HAL_Driver/Src/stm32f4xx_hal_gpio.o
 .debug_rnglists
                0x000002be       0x66 ./Drivers/STM32F4xx_HAL_Driver/Src/stm32f4xx_hal_rcc.o
 .debug_rnglists
                0x00000324      0x31a ./Drivers/STM32F4xx_HAL_Driver/Src/stm32f4xx_hal_tim.o
 .debug_rnglists
                0x0000063e      0x125 ./Drivers/STM32F4xx_HAL_Driver/Src/stm32f4xx_hal_tim_ex.o
 .debug_rnglists
                0x00000763      0x1bc ./Drivers/STM32F4xx_HAL_Driver/Src/stm32f4xx_hal_uart.o
 .debug_rnglists
                0x0000091f      0x16a ./Middlewares/Third_Party/FreeRTOS/Source/CMSIS_RTOS/cmsis_os.o
 .debug_rnglists
                0x00000a89       0x2b ./Middlewares/Third_Party/FreeRTOS/Source/list.o
 .debug_rnglists
                0x00000ab4      0x15f ./Middlewares/Third_Party/FreeRTOS/Source/tasks.o
 .debug_rnglists
                0x00000c13       0x5d ./Middlewares/Third_Party/FreeRTOS/Source/portable/GCC/ARM_CM4F/port.o
 .debug_rnglists
                0x00000c70       0x42 ./Middlewares/Third_Party/FreeRTOS/Source/portable/MemMang/heap_4.o

.debug_macro    0x00000000    0x17138
 .debug_macro   0x00000000      0x245 ./Core/Src/freertos.o
 .debug_macro   0x00000245      0xab4 ./Core/Src/freertos.o
 .debug_macro   0x00000cf9      0x189 ./Core/Src/freertos.o
 .debug_macro   0x00000e82       0x22 ./Core/Src/freertos.o
 .debug_macro   0x00000ea4       0x8e ./Core/Src/freertos.o
 .debug_macro   0x00000f32       0x51 ./Core/Src/freertos.o
 .debug_macro   0x00000f83      0x103 ./Core/Src/freertos.o
 .debug_macro   0x00001086       0x6a ./Core/Src/freertos.o
 .debug_macro   0x000010f0      0x1df ./Core/Src/freertos.o
 .debug_macro   0x000012cf       0xe4 ./Core/Src/freertos.o
 .debug_macro   0x000013b3      0x15a ./Core/Src/freertos.o
 .debug_macro   0x0000150d       0xde ./Core/Src/freertos.o
 .debug_macro   0x000015eb       0x1c ./Core/Src/freertos.o
 .debug_macro   0x00001607       0x26 ./Core/Src/freertos.o
 .debug_macro   0x0000162d      0x504 ./Core/Src/freertos.o
 .debug_macro   0x00001b31       0xb5 ./Core/Src/freertos.o
 .debug_macro   0x00001be6       0xaa ./Core/Src/freertos.o
 .debug_macro   0x00001c90      0x29b ./Core/Src/freertos.o
 .debug_macro   0x00001f2b       0x2e ./Core/Src/freertos.o
 .debug_macro   0x00001f59       0x28 ./Core/Src/freertos.o
 .debug_macro   0x00001f81       0x1c ./Core/Src/freertos.o
 .debug_macro   0x00001f9d       0x22 ./Core/Src/freertos.o
 .debug_macro   0x00001fbf       0xfb ./Core/Src/freertos.o
 .debug_macro   0x000020ba     0x1011 ./Core/Src/freertos.o
 .debug_macro   0x000030cb      0x11f ./Core/Src/freertos.o
 .debug_macro   0x000031ea     0xb953 ./Core/Src/freertos.o
 .debug_macro   0x0000eb3d       0x6d ./Core/Src/freertos.o
 .debug_macro   0x0000ebaa     0x369a ./Core/Src/freertos.o
 .debug_macro   0x00012244       0x5c ./Core/Src/freertos.o
 .debug_macro   0x000122a0      0x45c ./Core/Src/freertos.o
 .debug_macro   0x000126fc      0x9e9 ./Core/Src/freertos.o
 .debug_macro   0x000130e5      0x115 ./Core/Src/freertos.o
 .debug_macro   0x000131fa      0x11b ./Core/Src/freertos.o
 .debug_macro   0x00013315       0xa5 ./Core/Src/freertos.o
 .debug_macro   0x000133ba      0x15f ./Core/Src/freertos.o
 .debug_macro   0x00013519      0x287 ./Core/Src/freertos.o
 .debug_macro   0x000137a0       0x5f ./Core/Src/freertos.o
 .debug_macro   0x000137ff      0x236 ./Core/Src/freertos.o
 .debug_macro   0x00013a35      0x132 ./Core/Src/freertos.o
 .debug_macro   0x00013b67      0x264 ./Core/Src/freertos.o
 .debug_macro   0x00013dcb       0x2e ./Core/Src/freertos.o
 .debug_macro   0x00013df9      0x127 ./Core/Src/freertos.o
 .debug_macro   0x00013f20       0x85 ./Core/Src/freertos.o
 .debug_macro   0x00013fa5       0x89 ./Core/Src/freertos.o
 .debug_macro   0x0001402e      0x8ed ./Core/Src/freertos.o
 .debug_macro   0x0001491b       0x47 ./Core/Src/freertos.o
 .debug_macro   0x00014962      0x2aa ./Core/Src/freertos.o
 .debug_macro   0x00014c0c      0x126 ./Core/Src/freertos.o
 .debug_macro   0x00014d32       0x58 ./Core/Src/freertos.o
 .debug_macro   0x00014d8a      0x290 ./Core/Src/main.o
 .debug_macro   0x0001501a       0xe4 ./Core/Src/main.o
 .debug_macro   0x000150fe       0x91 ./Core/Src/main.o
 .debug_macro   0x0001518f       0x8d ./Core/Src/main.o
 .debug_macro   0x0001521c       0x7e ./Core/Src/main.o
 .debug_macro   0x0001529a       0x19 ./Core/Src/main.o
 .debug_macro   0x000152b3       0xf2 ./Core/Src/main.o
 .debug_macro   0x000153a5      0x1dd ./Core/Src/stm32f4xx_hal_msp.o
 .debug_macro   0x00015582      0x24f ./Core/Src/stm32f4xx_it.o
 .debug_macro   0x000157d1      0x1ce ./Core/Src/system_stm32f4xx.o
 .debug_macro   0x0001599f      0x22e ./Drivers/STM32F4xx_HAL_Driver/Src/stm32f4xx_hal.o
 .debug_macro   0x00015bcd      0x1ce ./Drivers/STM32F4xx_HAL_Driver/Src/stm32f4xx_hal_cortex.o
 .debug_macro   0x00015d9b      0x1d4 ./Drivers/STM32F4xx_HAL_Driver/Src/stm32f4xx_hal_gpio.o
 .debug_macro   0x00015f6f      0x1f2 ./Drivers/STM32F4xx_HAL_Driver/Src/stm32f4xx_hal_rcc.o
 .debug_macro   0x00016161      0x1cf ./Drivers/STM32F4xx_HAL_Driver/Src/stm32f4xx_hal_tim.o
 .debug_macro   0x00016330      0x1ce ./Drivers/STM32F4xx_HAL_Driver/Src/stm32f4xx_hal_tim_ex.o
 .debug_macro   0x000164fe      0x1cf ./Drivers/STM32F4xx_HAL_Driver/Src/stm32f4xx_hal_uart.o
 .debug_macro   0x000166cd      0x1fe ./Middlewares/Third_Party/FreeRTOS/Source/CMSIS_RTOS/cmsis_os.o
 .debug_macro   0x000168cb       0x10 ./Middlewares/Third_Party/FreeRTOS/Source/CMSIS_RTOS/cmsis_os.o
 .debug_macro   0x000168db       0x20 ./Middlewares/Third_Party/FreeRTOS/Source/CMSIS_RTOS/cmsis_os.o
 .debug_macro   0x000168fb       0xe9 ./Middlewares/Third_Party/FreeRTOS/Source/CMSIS_RTOS/cmsis_os.o
 .debug_macro   0x000169e4      0x187 ./Middlewares/Third_Party/FreeRTOS/Source/list.o
 .debug_macro   0x00016b6b      0x279 ./Middlewares/Third_Party/FreeRTOS/Source/tasks.o
 .debug_macro   0x00016de4       0x10 ./Middlewares/Third_Party/FreeRTOS/Source/tasks.o
 .debug_macro   0x00016df4      0x196 ./Middlewares/Third_Party/FreeRTOS/Source/portable/GCC/ARM_CM4F/port.o
 .debug_macro   0x00016f8a      0x1ae ./Middlewares/Third_Party/FreeRTOS/Source/portable/MemMang/heap_4.o

.debug_line     0x00000000    0x11aea
 .debug_line    0x00000000      0x84d ./Core/Src/freertos.o
 .debug_line    0x0000084d      0xa90 ./Core/Src/main.o
 .debug_line    0x000012dd      0x7d4 ./Core/Src/stm32f4xx_hal_msp.o
 .debug_line    0x00001ab1      0x8f7 ./Core/Src/stm32f4xx_it.o
 .debug_line    0x000023a8      0x7d3 ./Core/Src/system_stm32f4xx.o
 .debug_line    0x00002b7b       0x7a ./Core/Startup/startup_stm32f411retx.o
 .debug_line    0x00002bf5      0xa3c ./Drivers/STM32F4xx_HAL_Driver/Src/stm32f4xx_hal.o
 .debug_line    0x00003631      0xd2e ./Drivers/STM32F4xx_HAL_Driver/Src/stm32f4xx_hal_cortex.o
 .debug_line    0x0000435f      0xb8c ./Drivers/STM32F4xx_HAL_Driver/Src/stm32f4xx_hal_gpio.o
 .debug_line    0x00004eeb      0xdc7 ./Drivers/STM32F4xx_HAL_Driver/Src/stm32f4xx_hal_rcc.o
 .debug_line    0x00005cb2     0x35ba ./Drivers/STM32F4xx_HAL_Driver/Src/stm32f4xx_hal_tim.o
 .debug_line    0x0000926c     0x19cd ./Drivers/STM32F4xx_HAL_Driver/Src/stm32f4xx_hal_tim_ex.o
 .debug_line    0x0000ac39     0x290e ./Drivers/STM32F4xx_HAL_Driver/Src/stm32f4xx_hal_uart.o
 .debug_line    0x0000d547     0x1266 ./Middlewares/Third_Party/FreeRTOS/Source/CMSIS_RTOS/cmsis_os.o
 .debug_line    0x0000e7ad      0x796 ./Middlewares/Third_Party/FreeRTOS/Source/list.o
 .debug_line    0x0000ef43     0x19ad ./Middlewares/Third_Party/FreeRTOS/Source/tasks.o
 .debug_line    0x000108f0      0x839 ./Middlewares/Third_Party/FreeRTOS/Source/portable/GCC/ARM_CM4F/port.o
 .debug_line    0x00011129      0x9c1 ./Middlewares/Third_Party/FreeRTOS/Source/portable/MemMang/heap_4.o

.debug_str      0x00000000    0x96205
 .debug_str     0x00000000    0x8ac6b ./Core/Src/freertos.o
                              0x8af19 (size before relaxing)
 .debug_str     0x0008ac6b     0x2fc1 ./Core/Src/main.o
                              0x8df2c (size before relaxing)
 .debug_str     0x0008dc2c      0x447 ./Core/Src/stm32f4xx_hal_msp.o
                              0x87d18 (size before relaxing)
 .debug_str     0x0008e073       0xd9 ./Core/Src/stm32f4xx_it.o
                              0x8ae7a (size before relaxing)
 .debug_str     0x0008e14c       0xdb ./Core/Src/system_stm32f4xx.o
                              0x870c3 (size before relaxing)
 .debug_str     0x0008e227       0x44 ./Core/Startup/startup_stm32f411retx.o
                                 0x7d (size before relaxing)
 .debug_str     0x0008e26b      0x617 ./Drivers/STM32F4xx_HAL_Driver/Src/stm32f4xx_hal.o
                              0x87aef (size before relaxing)
 .debug_str     0x0008e882      0x389 ./Drivers/STM32F4xx_HAL_Driver/Src/stm32f4xx_hal_cortex.o
                              0x87859 (size before relaxing)
 .debug_str     0x0008ec0b      0x121 ./Drivers/STM32F4xx_HAL_Driver/Src/stm32f4xx_hal_gpio.o
                              0x8723e (size before relaxing)
 .debug_str     0x0008ed2c      0x233 ./Drivers/STM32F4xx_HAL_Driver/Src/stm32f4xx_hal_rcc.o
                              0x874f7 (size before relaxing)
 .debug_str     0x0008ef5f      0xe2c ./Drivers/STM32F4xx_HAL_Driver/Src/stm32f4xx_hal_tim.o
                              0x8843b (size before relaxing)
 .debug_str     0x0008fd8b      0x493 ./Drivers/STM32F4xx_HAL_Driver/Src/stm32f4xx_hal_tim_ex.o
                              0x87c47 (size before relaxing)
 .debug_str     0x0009021e      0x636 ./Drivers/STM32F4xx_HAL_Driver/Src/stm32f4xx_hal_uart.o
                              0x87ac6 (size before relaxing)
 .debug_str     0x00090854     0x3bcc ./Middlewares/Third_Party/FreeRTOS/Source/CMSIS_RTOS/cmsis_os.o
                               0xea06 (size before relaxing)
 .debug_str     0x00094420      0x20f ./Middlewares/Third_Party/FreeRTOS/Source/list.o
                               0xaad8 (size before relaxing)
 .debug_str     0x0009462f     0x1126 ./Middlewares/Third_Party/FreeRTOS/Source/tasks.o
                               0xce43 (size before relaxing)
 .debug_str     0x00095755      0x783 ./Middlewares/Third_Party/FreeRTOS/Source/portable/GCC/ARM_CM4F/port.o
                               0x8721 (size before relaxing)
 .debug_str     0x00095ed8      0x32d ./Middlewares/Third_Party/FreeRTOS/Source/portable/MemMang/heap_4.o
                               0xb41a (size before relaxing)

.comment        0x00000000       0x43
 .comment       0x00000000       0x43 ./Core/Src/freertos.o
                                 0x44 (size before relaxing)
 .comment       0x00000043       0x44 ./Core/Src/main.o
 .comment       0x00000043       0x44 ./Core/Src/stm32f4xx_hal_msp.o
 .comment       0x00000043       0x44 ./Core/Src/stm32f4xx_it.o
 .comment       0x00000043       0x44 ./Core/Src/system_stm32f4xx.o
 .comment       0x00000043       0x44 ./Drivers/STM32F4xx_HAL_Driver/Src/stm32f4xx_hal.o
 .comment       0x00000043       0x44 ./Drivers/STM32F4xx_HAL_Driver/Src/stm32f4xx_hal_cortex.o
 .comment       0x00000043       0x44 ./Drivers/STM32F4xx_HAL_Driver/Src/stm32f4xx_hal_gpio.o
 .comment       0x00000043       0x44 ./Drivers/STM32F4xx_HAL_Driver/Src/stm32f4xx_hal_rcc.o
 .comment       0x00000043       0x44 ./Drivers/STM32F4xx_HAL_Driver/Src/stm32f4xx_hal_tim.o
 .comment       0x00000043       0x44 ./Drivers/STM32F4xx_HAL_Driver/Src/stm32f4xx_hal_tim_ex.o
 .comment       0x00000043       0x44 ./Drivers/STM32F4xx_HAL_Driver/Src/stm32f4xx_hal_uart.o
 .comment       0x00000043       0x44 ./Middlewares/Third_Party/FreeRTOS/Source/CMSIS_RTOS/cmsis_os.o
 .comment       0x00000043       0x44 ./Middlewares/Third_Party/FreeRTOS/Source/list.o
 .comment       0x00000043       0x44 ./Middlewares/Third_Party/FreeRTOS/Source/tasks.o
 .comment       0x00000043       0x44 ./Middlewares/Third_Party/FreeRTOS/Source/portable/GCC/ARM_CM4F/port.o
 .comment       0x00000043       0x44 ./Middlewares/Third_Party/FreeRTOS/Source/portable/MemMang/heap_4.o

.debug_frame    0x00000000     0x4434
 .debug_frame   0x00000000       0x38 ./Core/Src/freertos.o
 .debug_frame   0x00000038      0x134 ./Core/Src/main.o
 .debug_frame   0x0000016c       0xcc ./Core/Src/stm32f4xx_hal_msp.o
 .debug_frame   0x00000238       0xc4 ./Core/Src/stm32f4xx_it.o
 .debug_frame   0x000002fc       0x58 ./Core/Src/system_stm32f4xx.o
 .debug_frame   0x00000354      0x374 ./Drivers/STM32F4xx_HAL_Driver/Src/stm32f4xx_hal.o
 .debug_frame   0x000006c8      0x508 ./Drivers/STM32F4xx_HAL_Driver/Src/stm32f4xx_hal_cortex.o
 .debug_frame   0x00000bd0      0x14c ./Drivers/STM32F4xx_HAL_Driver/Src/stm32f4xx_hal_gpio.o
 .debug_frame   0x00000d1c      0x1f4 ./Drivers/STM32F4xx_HAL_Driver/Src/stm32f4xx_hal_rcc.o
 .debug_frame   0x00000f10     0x11b8 ./Drivers/STM32F4xx_HAL_Driver/Src/stm32f4xx_hal_tim.o
 .debug_frame   0x000020c8      0x638 ./Drivers/STM32F4xx_HAL_Driver/Src/stm32f4xx_hal_tim_ex.o
 .debug_frame   0x00002700      0x954 ./Drivers/STM32F4xx_HAL_Driver/Src/stm32f4xx_hal_uart.o
 .debug_frame   0x00003054      0x80c ./Middlewares/Third_Party/FreeRTOS/Source/CMSIS_RTOS/cmsis_os.o
 .debug_frame   0x00003860       0xd8 ./Middlewares/Third_Party/FreeRTOS/Source/list.o
 .debug_frame   0x00003938      0x77c ./Middlewares/Third_Party/FreeRTOS/Source/tasks.o
 .debug_frame   0x000040b4      0x1a8 ./Middlewares/Third_Party/FreeRTOS/Source/portable/GCC/ARM_CM4F/port.o
 .debug_frame   0x0000425c      0x12c ./Middlewares/Third_Party/FreeRTOS/Source/portable/MemMang/heap_4.o
 .debug_frame   0x00004388       0x20 C:/ST/STM32CubeIDE_1.15.0/STM32CubeIDE/plugins/com.st.stm32cube.ide.mcu.externaltools.gnu-tools-for-stm32.12.3.rel1.win32_1.0.100.202403111256/tools/bin/../lib/gcc/arm-none-eabi/12.3.1/../../../../arm-none-eabi/lib/thumb/v7e-m+fp/hard\libc_nano.a(libc_a-memset.o)
 .debug_frame   0x000043a8       0x2c C:/ST/STM32CubeIDE_1.15.0/STM32CubeIDE/plugins/com.st.stm32cube.ide.mcu.externaltools.gnu-tools-for-stm32.12.3.rel1.win32_1.0.100.202403111256/tools/bin/../lib/gcc/arm-none-eabi/12.3.1/../../../../arm-none-eabi/lib/thumb/v7e-m+fp/hard\libc_nano.a(libc_a-init.o)
 .debug_frame   0x000043d4       0x2c C:/ST/STM32CubeIDE_1.15.0/STM32CubeIDE/plugins/com.st.stm32cube.ide.mcu.externaltools.gnu-tools-for-stm32.12.3.rel1.win32_1.0.100.202403111256/tools/bin/../lib/gcc/arm-none-eabi/12.3.1/thumb/v7e-m+fp/hard\libgcc.a(_aeabi_uldivmod.o)
 .debug_frame   0x00004400       0x34 C:/ST/STM32CubeIDE_1.15.0/STM32CubeIDE/plugins/com.st.stm32cube.ide.mcu.externaltools.gnu-tools-for-stm32.12.3.rel1.win32_1.0.100.202403111256/tools/bin/../lib/gcc/arm-none-eabi/12.3.1/thumb/v7e-m+fp/hard\libgcc.a(_udivmoddi4.o)

.debug_line_str
                0x00000000       0x61
 .debug_line_str
                0x00000000       0x61 ./Core/Startup/startup_stm32f411retx.o
