../Core/Src/main.c:105:5:main	16	static
../Core/Src/main.c:203:6:SystemClock_Config	88	static
../Core/Src/main.c:250:13:MX_TIM1_Init	32	static
../Core/Src/main.c:296:13:MX_TIM2_Init	32	static
../Core/Src/main.c:341:13:MX_TIM3_Init	64	static
../Core/Src/main.c:409:13:MX_GPIO_Init	48	static
../Core/Src/main.c:477:6:MX_GPIO_LED_ON	16	static
../Core/Src/main.c:481:6:MX_GPIO_LED_OFF	16	static
../Core/Src/main.c:485:6:esp_event	120	static
../Core/Src/main.c:536:7:Measure_Distance	8	static
../Core/Src/main.c:556:13:go	8	static
../Core/Src/main.c:577:13:turn_left	8	static
../Core/Src/main.c:587:13:turn_right	8	static
../Core/Src/main.c:598:13:stop	8	static
../Core/Src/main.c:606:13:r_mode	8	static
../Core/Src/main.c:627:13:l_mode	8	static
../Core/Src/main.c:647:6:Set_Pin_Output	40	static
../Core/Src/main.c:657:6:Set_Pin_Input	40	static
../Core/Src/main.c:665:6:delay_us	16	static
../Core/Src/main.c:670:6:DHT22_Start	8	static
../Core/Src/main.c:678:9:DHT22_Check_Response	16	static
../Core/Src/main.c:691:9:DHT22_Read	16	static
../Core/Src/main.c:708:6:DHT22_Read_Data	32	static
../Core/Src/main.c:733:6:Error_Handler	4	static,ignoring_inline_asm
